Java HotSpot(TM) 64-Bit Server VM (25.231-b11) for windows-amd64 JRE (1.8.0_231-b11), built on Oct  5 2019 03:11:30 by "java_re" with MS VC++ 10.0 (VS2010)
Memory: 4k page, physical 16578856k(6978800k free), swap 20448432k(4220812k free)
CommandLine flags: -XX:InitialHeapSize=1073741824 -XX:MaxHeapSize=1073741824 -XX:+PrintGC -XX:+PrintGCDateStamps -XX:+PrintGCTimeStamps -XX:+UseCompressedClassPointers -XX:+UseCompressedOops -XX:+UseG1GC -XX:-UseLargePagesIndividualAllocation 
2020-10-27T13:30:30.068+0800: 0.128: [GC pause (G1 Evacuation Pause) (young) 71M->22M(1024M), 0.0028966 secs]
2020-10-27T13:30:30.079+0800: 0.139: [GC pause (G1 Evacuation Pause) (young) 78M->41M(1024M), 0.0030169 secs]
2020-10-27T13:30:30.091+0800: 0.151: [GC pause (G1 Evacuation Pause) (young) 95M->57M(1024M), 0.0041698 secs]
2020-10-27T13:30:30.111+0800: 0.170: [GC pause (G1 Evacuation Pause) (young) 134M->81M(1024M), 0.0040469 secs]
2020-10-27T13:30:30.132+0800: 0.192: [GC pause (G1 Evacuation Pause) (young) 172M->109M(1024M), 0.0041750 secs]
2020-10-27T13:30:30.167+0800: 0.226: [GC pause (G1 Evacuation Pause) (young) 247M->157M(1024M), 0.0069518 secs]
2020-10-27T13:30:30.211+0800: 0.271: [GC pause (G1 Evacuation Pause) (young) 359M->206M(1024M), 0.0075382 secs]
2020-10-27T13:30:30.341+0800: 0.400: [GC pause (G1 Evacuation Pause) (young) 660M->300M(1024M), 0.0179032 secs]
2020-10-27T13:30:30.383+0800: 0.442: [GC pause (G1 Evacuation Pause) (young) 508M->349M(1024M), 0.0103179 secs]
2020-10-27T13:30:30.436+0800: 0.496: [GC pause (G1 Evacuation Pause) (young) 680M->426M(1024M), 0.0149689 secs]
2020-10-27T13:30:30.458+0800: 0.518: [GC pause (G1 Humongous Allocation) (young) (initial-mark) 491M->451M(1024M), 0.0063453 secs]
2020-10-27T13:30:30.465+0800: 0.524: [GC concurrent-root-region-scan-start]
2020-10-27T13:30:30.465+0800: 0.524: [GC concurrent-root-region-scan-end, 0.0001733 secs]
2020-10-27T13:30:30.465+0800: 0.524: [GC concurrent-mark-start]
2020-10-27T13:30:30.467+0800: 0.526: [GC concurrent-mark-end, 0.0017307 secs]
2020-10-27T13:30:30.467+0800: 0.526: [GC remark, 0.0011648 secs]
2020-10-27T13:30:30.468+0800: 0.527: [GC cleanup 464M->447M(1024M), 0.0009171 secs]
2020-10-27T13:30:30.469+0800: 0.528: [GC concurrent-cleanup-start]
2020-10-27T13:30:30.469+0800: 0.528: [GC concurrent-cleanup-end, 0.0000478 secs]
2020-10-27T13:30:30.527+0800: 0.586: [GC pause (G1 Evacuation Pause) (young)-- 841M->617M(1024M), 0.0093632 secs]
2020-10-27T13:30:30.537+0800: 0.596: [GC pause (G1 Evacuation Pause) (mixed) 627M->534M(1024M), 0.0070327 secs]
2020-10-27T13:30:30.552+0800: 0.611: [GC pause (G1 Evacuation Pause) (mixed) 595M->542M(1024M), 0.0030782 secs]
2020-10-27T13:30:30.555+0800: 0.614: [GC pause (G1 Humongous Allocation) (young) (initial-mark) 544M->542M(1024M), 0.0011931 secs]
2020-10-27T13:30:30.556+0800: 0.615: [GC concurrent-root-region-scan-start]
2020-10-27T13:30:30.556+0800: 0.615: [GC concurrent-root-region-scan-end, 0.0000663 secs]
2020-10-27T13:30:30.556+0800: 0.615: [GC concurrent-mark-start]
2020-10-27T13:30:30.558+0800: 0.617: [GC concurrent-mark-end, 0.0012093 secs]
2020-10-27T13:30:30.558+0800: 0.617: [GC remark, 0.0014164 secs]
2020-10-27T13:30:30.559+0800: 0.618: [GC cleanup 552M->540M(1024M), 0.0006591 secs]
2020-10-27T13:30:30.560+0800: 0.619: [GC concurrent-cleanup-start]
2020-10-27T13:30:30.560+0800: 0.619: [GC concurrent-cleanup-end, 0.0000250 secs]
2020-10-27T13:30:30.594+0800: 0.653: [GC pause (G1 Evacuation Pause) (young) 842M->609M(1024M), 0.0091880 secs]
2020-10-27T13:30:30.605+0800: 0.665: [GC pause (G1 Evacuation Pause) (mixed) 631M->518M(1024M), 0.0059167 secs]
2020-10-27T13:30:30.618+0800: 0.678: [GC pause (G1 Evacuation Pause) (mixed) 577M->475M(1024M), 0.0052695 secs]
2020-10-27T13:30:30.625+0800: 0.684: [GC pause (G1 Humongous Allocation) (young) (initial-mark) 483M->476M(1024M), 0.0016993 secs]
2020-10-27T13:30:30.626+0800: 0.686: [GC concurrent-root-region-scan-start]
2020-10-27T13:30:30.626+0800: 0.686: [GC concurrent-root-region-scan-end, 0.0001261 secs]
2020-10-27T13:30:30.626+0800: 0.686: [GC concurrent-mark-start]
2020-10-27T13:30:30.628+0800: 0.688: [GC concurrent-mark-end, 0.0012127 secs]
2020-10-27T13:30:30.628+0800: 0.688: [GC remark, 0.0011752 secs]
2020-10-27T13:30:30.629+0800: 0.689: [GC cleanup 488M->481M(1024M), 0.0004333 secs]
2020-10-27T13:30:30.630+0800: 0.689: [GC concurrent-cleanup-start]
2020-10-27T13:30:30.630+0800: 0.689: [GC concurrent-cleanup-end, 0.0000123 secs]
2020-10-27T13:30:30.669+0800: 0.729: [GC pause (G1 Evacuation Pause) (young) 814M->538M(1024M), 0.0088830 secs]
2020-10-27T13:30:30.680+0800: 0.740: [GC pause (G1 Evacuation Pause) (mixed) 556M->472M(1024M), 0.0086336 secs]
2020-10-27T13:30:30.696+0800: 0.755: [GC pause (G1 Evacuation Pause) (mixed) 523M->483M(1024M), 0.0029742 secs]
2020-10-27T13:30:30.699+0800: 0.759: [GC pause (G1 Humongous Allocation) (young) (initial-mark) 483M->482M(1024M), 0.0014331 secs]
2020-10-27T13:30:30.701+0800: 0.760: [GC concurrent-root-region-scan-start]
2020-10-27T13:30:30.701+0800: 0.760: [GC concurrent-root-region-scan-end, 0.0001019 secs]
2020-10-27T13:30:30.701+0800: 0.760: [GC concurrent-mark-start]
2020-10-27T13:30:30.702+0800: 0.761: [GC concurrent-mark-end, 0.0012024 secs]
2020-10-27T13:30:30.702+0800: 0.761: [GC remark, 0.0012089 secs]
2020-10-27T13:30:30.703+0800: 0.763: [GC cleanup 497M->493M(1024M), 0.0004630 secs]
2020-10-27T13:30:30.704+0800: 0.763: [GC concurrent-cleanup-start]
2020-10-27T13:30:30.704+0800: 0.763: [GC concurrent-cleanup-end, 0.0000070 secs]
2020-10-27T13:30:30.744+0800: 0.804: [GC pause (G1 Evacuation Pause) (young)-- 847M->633M(1024M), 0.0084386 secs]
2020-10-27T13:30:30.755+0800: 0.814: [GC pause (G1 Evacuation Pause) (mixed) 648M->561M(1024M), 0.0079302 secs]
2020-10-27T13:30:30.771+0800: 0.830: [GC pause (G1 Evacuation Pause) (mixed) 622M->571M(1024M), 0.0035105 secs]
2020-10-27T13:30:30.775+0800: 0.834: [GC pause (G1 Humongous Allocation) (young) (initial-mark) 574M->571M(1024M), 0.0012762 secs]
2020-10-27T13:30:30.776+0800: 0.835: [GC concurrent-root-region-scan-start]
2020-10-27T13:30:30.776+0800: 0.835: [GC concurrent-root-region-scan-end, 0.0000788 secs]
2020-10-27T13:30:30.776+0800: 0.835: [GC concurrent-mark-start]
2020-10-27T13:30:30.778+0800: 0.837: [GC concurrent-mark-end, 0.0017726 secs]
2020-10-27T13:30:30.778+0800: 0.837: [GC remark, 0.0011902 secs]
2020-10-27T13:30:30.779+0800: 0.839: [GC cleanup 586M->583M(1024M), 0.0005150 secs]
2020-10-27T13:30:30.780+0800: 0.839: [GC concurrent-cleanup-start]
2020-10-27T13:30:30.780+0800: 0.839: [GC concurrent-cleanup-end, 0.0000095 secs]
2020-10-27T13:30:30.812+0800: 0.871: [GC pause (G1 Evacuation Pause) (young)-- 858M->643M(1024M), 0.0083494 secs]
2020-10-27T13:30:30.823+0800: 0.882: [GC pause (G1 Evacuation Pause) (mixed) 668M->557M(1024M), 0.0063293 secs]
2020-10-27T13:30:30.837+0800: 0.896: [GC pause (G1 Evacuation Pause) (mixed) 615M->507M(1024M), 0.0066331 secs]
2020-10-27T13:30:30.849+0800: 0.909: [GC pause (G1 Evacuation Pause) (mixed) 568M->521M(1024M), 0.0031334 secs]
2020-10-27T13:30:30.853+0800: 0.913: [GC pause (G1 Humongous Allocation) (young) (initial-mark) 525M->522M(1024M), 0.0014582 secs]
2020-10-27T13:30:30.854+0800: 0.914: [GC concurrent-root-region-scan-start]
2020-10-27T13:30:30.854+0800: 0.914: [GC concurrent-root-region-scan-end, 0.0000904 secs]
2020-10-27T13:30:30.854+0800: 0.914: [GC concurrent-mark-start]
2020-10-27T13:30:30.855+0800: 0.915: [GC concurrent-mark-end, 0.0011071 secs]
2020-10-27T13:30:30.856+0800: 0.915: [GC remark, 0.0012443 secs]
2020-10-27T13:30:30.857+0800: 0.917: [GC cleanup 532M->526M(1024M), 0.0005099 secs]
2020-10-27T13:30:30.857+0800: 0.917: [GC concurrent-cleanup-start]
2020-10-27T13:30:30.857+0800: 0.917: [GC concurrent-cleanup-end, 0.0000091 secs]
2020-10-27T13:30:30.895+0800: 0.955: [GC pause (G1 Evacuation Pause) (young)-- 846M->607M(1024M), 0.0089901 secs]
2020-10-27T13:30:30.906+0800: 0.966: [GC pause (G1 Evacuation Pause) (mixed) 625M->534M(1024M), 0.0072887 secs]
2020-10-27T13:30:30.921+0800: 0.981: [GC pause (G1 Evacuation Pause) (mixed) 594M->515M(1024M), 0.0049173 secs]
2020-10-27T13:30:30.926+0800: 0.986: [GC pause (G1 Humongous Allocation) (young) (initial-mark) 516M->515M(1024M), 0.0012461 secs]
2020-10-27T13:30:30.927+0800: 0.987: [GC concurrent-root-region-scan-start]
2020-10-27T13:30:30.927+0800: 0.987: [GC concurrent-root-region-scan-end, 0.0001172 secs]
2020-10-27T13:30:30.927+0800: 0.987: [GC concurrent-mark-start]
2020-10-27T13:30:30.929+0800: 0.988: [GC concurrent-mark-end, 0.0013541 secs]
2020-10-27T13:30:30.929+0800: 0.988: [GC remark, 0.0011739 secs]
2020-10-27T13:30:30.930+0800: 0.990: [GC cleanup 530M->524M(1024M), 0.0004938 secs]
2020-10-27T13:30:30.931+0800: 0.990: [GC concurrent-cleanup-start]
2020-10-27T13:30:30.931+0800: 0.990: [GC concurrent-cleanup-end, 0.0000263 secs]
2020-10-27T13:30:30.969+0800: 1.028: [GC pause (G1 Evacuation Pause) (young)-- 854M->675M(1024M), 0.0074754 secs]
2020-10-27T13:30:30.978+0800: 1.038: [GC pause (G1 Evacuation Pause) (mixed) 693M->599M(1024M), 0.0074044 secs]
2020-10-27T13:30:30.993+0800: 1.053: [GC pause (G1 Evacuation Pause) (mixed) 657M->597M(1024M), 0.0047474 secs]
2020-10-27T13:30:30.999+0800: 1.059: [GC pause (G1 Humongous Allocation) (young) (initial-mark) 601M->599M(1024M), 0.0014582 secs]
2020-10-27T13:30:31.001+0800: 1.060: [GC concurrent-root-region-scan-start]
2020-10-27T13:30:31.001+0800: 1.060: [GC concurrent-root-region-scan-end, 0.0000831 secs]
2020-10-27T13:30:31.001+0800: 1.060: [GC concurrent-mark-start]
2020-10-27T13:30:31.002+0800: 1.062: [GC concurrent-mark-end, 0.0015635 secs]
2020-10-27T13:30:31.002+0800: 1.062: [GC remark, 0.0011677 secs]
2020-10-27T13:30:31.004+0800: 1.063: [GC cleanup 617M->606M(1024M), 0.0004402 secs]
2020-10-27T13:30:31.004+0800: 1.064: [GC concurrent-cleanup-start]
2020-10-27T13:30:31.004+0800: 1.064: [GC concurrent-cleanup-end, 0.0000137 secs]
2020-10-27T13:30:31.031+0800: 1.091: [GC pause (G1 Evacuation Pause) (young) 853M->639M(1024M), 0.0076405 secs]
