Java HotSpot(TM) 64-Bit Server VM (25.231-b11) for windows-amd64 JRE (1.8.0_231-b11), built on Oct  5 2019 03:11:30 by "java_re" with MS VC++ 10.0 (VS2010)
Memory: 4k page, physical 16578856k(6944452k free), swap 20448432k(4232708k free)
CommandLine flags: -XX:InitialHeapSize=536870912 -XX:MaxHeapSize=536870912 -XX:+PrintGC -XX:+PrintGCDateStamps -XX:+PrintGCTimeStamps -XX:+UseCompressedClassPointers -XX:+UseCompressedOops -XX:+UseG1GC -XX:-UseLargePagesIndividualAllocation 
2020-10-27T13:34:12.842+0800: 0.108: [GC pause (G1 Evacuation Pause) (young) 29M->12M(512M), 0.0019865 secs]
2020-10-27T13:34:12.849+0800: 0.115: [GC pause (G1 Evacuation Pause) (young) 40M->24M(512M), 0.0032300 secs]
2020-10-27T13:34:12.862+0800: 0.128: [GC pause (G1 Evacuation Pause) (young) 68M->37M(512M), 0.0034702 secs]
2020-10-27T13:34:12.880+0800: 0.146: [GC pause (G1 Evacuation Pause) (young) 105M->58M(512M), 0.0036164 secs]
2020-10-27T13:34:12.999+0800: 0.265: [GC pause (G1 Evacuation Pause) (young)-- 448M->333M(512M), 0.0035876 secs]
2020-10-27T13:34:13.003+0800: 0.269: [GC pause (G1 Humongous Allocation) (young) (initial-mark) 335M->332M(512M), 0.0016766 secs]
2020-10-27T13:34:13.005+0800: 0.271: [GC concurrent-root-region-scan-start]
2020-10-27T13:34:13.005+0800: 0.271: [GC concurrent-root-region-scan-end, 0.0001247 secs]
2020-10-27T13:34:13.005+0800: 0.271: [GC concurrent-mark-start]
2020-10-27T13:34:13.006+0800: 0.272: [GC concurrent-mark-end, 0.0009875 secs]
2020-10-27T13:34:13.006+0800: 0.272: [GC remark, 0.0010354 secs]
2020-10-27T13:34:13.007+0800: 0.273: [GC cleanup 342M->341M(512M), 0.0003168 secs]
2020-10-27T13:34:13.007+0800: 0.273: [GC concurrent-cleanup-start]
2020-10-27T13:34:13.007+0800: 0.273: [GC concurrent-cleanup-end, 0.0000071 secs]
2020-10-27T13:34:13.021+0800: 0.287: [GC pause (G1 Evacuation Pause) (young)-- 442M->381M(512M), 0.0040916 secs]
2020-10-27T13:34:13.028+0800: 0.294: [GC pause (G1 Evacuation Pause) (mixed) 396M->335M(512M), 0.0026888 secs]
2020-10-27T13:34:13.034+0800: 0.300: [GC pause (G1 Evacuation Pause) (mixed) 365M->302M(512M), 0.0036623 secs]
2020-10-27T13:34:13.041+0800: 0.307: [GC pause (G1 Evacuation Pause) (mixed) 333M->273M(512M), 0.0042544 secs]
2020-10-27T13:34:13.049+0800: 0.315: [GC pause (G1 Evacuation Pause) (mixed) 300M->248M(512M), 0.0036625 secs]
2020-10-27T13:34:13.053+0800: 0.319: [GC pause (G1 Humongous Allocation) (young) (initial-mark) 249M->248M(512M), 0.0009315 secs]
2020-10-27T13:34:13.054+0800: 0.320: [GC concurrent-root-region-scan-start]
2020-10-27T13:34:13.054+0800: 0.320: [GC concurrent-root-region-scan-end, 0.0001390 secs]
2020-10-27T13:34:13.054+0800: 0.320: [GC concurrent-mark-start]
2020-10-27T13:34:13.055+0800: 0.321: [GC concurrent-mark-end, 0.0010078 secs]
2020-10-27T13:34:13.055+0800: 0.321: [GC remark, 0.0016385 secs]
2020-10-27T13:34:13.057+0800: 0.323: [GC cleanup 255M->253M(512M), 0.0015324 secs]
2020-10-27T13:34:13.059+0800: 0.325: [GC concurrent-cleanup-start]
2020-10-27T13:34:13.059+0800: 0.325: [GC concurrent-cleanup-end, 0.0000080 secs]
2020-10-27T13:34:13.079+0800: 0.344: [GC pause (G1 Evacuation Pause) (young)-- 427M->365M(512M), 0.0048639 secs]
2020-10-27T13:34:13.085+0800: 0.350: [GC pause (G1 Evacuation Pause) (mixed) 373M->345M(512M), 0.0036031 secs]
2020-10-27T13:34:13.088+0800: 0.354: [GC pause (G1 Humongous Allocation) (young) (initial-mark) 347M->345M(512M), 0.0021809 secs]
2020-10-27T13:34:13.091+0800: 0.357: [GC concurrent-root-region-scan-start]
2020-10-27T13:34:13.091+0800: 0.357: [GC concurrent-root-region-scan-end, 0.0001301 secs]
2020-10-27T13:34:13.091+0800: 0.357: [GC concurrent-mark-start]
2020-10-27T13:34:13.092+0800: 0.358: [GC concurrent-mark-end, 0.0009157 secs]
2020-10-27T13:34:13.092+0800: 0.358: [GC remark, 0.0011932 secs]
2020-10-27T13:34:13.093+0800: 0.359: [GC cleanup 355M->355M(512M), 0.0006909 secs]
2020-10-27T13:34:13.102+0800: 0.368: [GC pause (G1 Evacuation Pause) (young) 418M->364M(512M), 0.0034136 secs]
2020-10-27T13:34:13.106+0800: 0.373: [GC pause (G1 Evacuation Pause) (mixed) 384M->323M(512M), 0.0032877 secs]
2020-10-27T13:34:13.113+0800: 0.380: [GC pause (G1 Evacuation Pause) (mixed) 349M->298M(512M), 0.0035212 secs]
2020-10-27T13:34:13.120+0800: 0.387: [GC pause (G1 Evacuation Pause) (mixed) 326M->295M(512M), 0.0030362 secs]
2020-10-27T13:34:13.124+0800: 0.390: [GC pause (G1 Humongous Allocation) (young) (initial-mark) 298M->295M(512M), 0.0018164 secs]
2020-10-27T13:34:13.125+0800: 0.392: [GC concurrent-root-region-scan-start]
2020-10-27T13:34:13.125+0800: 0.392: [GC concurrent-root-region-scan-end, 0.0000914 secs]
2020-10-27T13:34:13.125+0800: 0.392: [GC concurrent-mark-start]
2020-10-27T13:34:13.127+0800: 0.393: [GC concurrent-mark-end, 0.0010404 secs]
2020-10-27T13:34:13.127+0800: 0.393: [GC remark, 0.0009538 secs]
2020-10-27T13:34:13.128+0800: 0.394: [GC cleanup 306M->306M(512M), 0.0003222 secs]
2020-10-27T13:34:13.142+0800: 0.408: [GC pause (G1 Evacuation Pause) (young) 413M->321M(512M), 0.0053045 secs]
2020-10-27T13:34:13.149+0800: 0.415: [GC pause (G1 Evacuation Pause) (mixed) 334M->297M(512M), 0.0047766 secs]
2020-10-27T13:34:13.154+0800: 0.420: [GC pause (G1 Humongous Allocation) (young) (initial-mark) 299M->297M(512M), 0.0007735 secs]
2020-10-27T13:34:13.155+0800: 0.421: [GC concurrent-root-region-scan-start]
2020-10-27T13:34:13.155+0800: 0.421: [GC concurrent-root-region-scan-end, 0.0001813 secs]
2020-10-27T13:34:13.155+0800: 0.421: [GC concurrent-mark-start]
2020-10-27T13:34:13.156+0800: 0.422: [GC concurrent-mark-end, 0.0009843 secs]
2020-10-27T13:34:13.156+0800: 0.423: [GC remark, 0.0009787 secs]
2020-10-27T13:34:13.157+0800: 0.424: [GC cleanup 307M->307M(512M), 0.0003612 secs]
2020-10-27T13:34:13.171+0800: 0.438: [GC pause (G1 Evacuation Pause) (young) 414M->327M(512M), 0.0043347 secs]
2020-10-27T13:34:13.177+0800: 0.444: [GC pause (G1 Evacuation Pause) (mixed) 343M->313M(512M), 0.0044392 secs]
2020-10-27T13:34:13.182+0800: 0.449: [GC pause (G1 Humongous Allocation) (young) (initial-mark) 320M->314M(512M), 0.0013607 secs]
2020-10-27T13:34:13.184+0800: 0.450: [GC concurrent-root-region-scan-start]
2020-10-27T13:34:13.184+0800: 0.451: [GC concurrent-root-region-scan-end, 0.0001041 secs]
2020-10-27T13:34:13.184+0800: 0.451: [GC concurrent-mark-start]
2020-10-27T13:34:13.185+0800: 0.452: [GC concurrent-mark-end, 0.0009642 secs]
2020-10-27T13:34:13.185+0800: 0.452: [GC remark, 0.0011414 secs]
2020-10-27T13:34:13.186+0800: 0.453: [GC cleanup 326M->326M(512M), 0.0003603 secs]
2020-10-27T13:34:13.197+0800: 0.464: [GC pause (G1 Evacuation Pause) (young) 417M->340M(512M), 0.0045357 secs]
2020-10-27T13:34:13.204+0800: 0.471: [GC pause (G1 Evacuation Pause) (mixed) 362M->318M(512M), 0.0051851 secs]
2020-10-27T13:34:13.212+0800: 0.479: [GC pause (G1 Evacuation Pause) (mixed) 345M->324M(512M), 0.0027616 secs]
2020-10-27T13:34:13.215+0800: 0.481: [GC pause (G1 Humongous Allocation) (young) (initial-mark) 326M->326M(512M), 0.0011229 secs]
2020-10-27T13:34:13.216+0800: 0.483: [GC concurrent-root-region-scan-start]
2020-10-27T13:34:13.216+0800: 0.483: [GC concurrent-root-region-scan-end, 0.0000821 secs]
2020-10-27T13:34:13.216+0800: 0.483: [GC concurrent-mark-start]
2020-10-27T13:34:13.217+0800: 0.484: [GC concurrent-mark-end, 0.0009919 secs]
2020-10-27T13:34:13.217+0800: 0.484: [GC remark, 0.0012202 secs]
2020-10-27T13:34:13.219+0800: 0.485: [GC cleanup 336M->336M(512M), 0.0006738 secs]
2020-10-27T13:34:13.227+0800: 0.494: [GC pause (G1 Evacuation Pause) (young) 403M->346M(512M), 0.0037377 secs]
2020-10-27T13:34:13.233+0800: 0.500: [GC pause (G1 Evacuation Pause) (mixed) 364M->328M(512M), 0.0047813 secs]
2020-10-27T13:34:13.241+0800: 0.507: [GC pause (G1 Evacuation Pause) (mixed) 352M->334M(512M), 0.0020283 secs]
2020-10-27T13:34:13.243+0800: 0.509: [GC pause (G1 Humongous Allocation) (young) (initial-mark) 335M->333M(512M), 0.0009494 secs]
2020-10-27T13:34:13.244+0800: 0.510: [GC concurrent-root-region-scan-start]
2020-10-27T13:34:13.244+0800: 0.511: [GC concurrent-root-region-scan-end, 0.0000848 secs]
2020-10-27T13:34:13.244+0800: 0.511: [GC concurrent-mark-start]
2020-10-27T13:34:13.245+0800: 0.512: [GC concurrent-mark-end, 0.0009916 secs]
2020-10-27T13:34:13.245+0800: 0.512: [GC remark, 0.0009586 secs]
2020-10-27T13:34:13.246+0800: 0.513: [GC cleanup 344M->344M(512M), 0.0003418 secs]
2020-10-27T13:34:13.254+0800: 0.520: [GC pause (G1 Evacuation Pause) (young) 409M->358M(512M), 0.0032343 secs]
2020-10-27T13:34:13.260+0800: 0.526: [GC pause (G1 Evacuation Pause) (mixed) 382M->341M(512M), 0.0052426 secs]
2020-10-27T13:34:13.268+0800: 0.534: [GC pause (G1 Evacuation Pause) (mixed) 366M->348M(512M), 0.0026574 secs]
2020-10-27T13:34:13.271+0800: 0.537: [GC pause (G1 Humongous Allocation) (young) (initial-mark) 351M->348M(512M), 0.0008720 secs]
2020-10-27T13:34:13.272+0800: 0.538: [GC concurrent-root-region-scan-start]
2020-10-27T13:34:13.272+0800: 0.538: [GC concurrent-root-region-scan-end, 0.0000885 secs]
2020-10-27T13:34:13.272+0800: 0.538: [GC concurrent-mark-start]
2020-10-27T13:34:13.273+0800: 0.539: [GC concurrent-mark-end, 0.0009862 secs]
2020-10-27T13:34:13.273+0800: 0.539: [GC remark, 0.0009072 secs]
2020-10-27T13:34:13.274+0800: 0.540: [GC cleanup 359M->358M(512M), 0.0002877 secs]
2020-10-27T13:34:13.274+0800: 0.541: [GC concurrent-cleanup-start]
2020-10-27T13:34:13.274+0800: 0.541: [GC concurrent-cleanup-end, 0.0000066 secs]
2020-10-27T13:34:13.280+0800: 0.546: [GC pause (G1 Evacuation Pause) (young) 409M->365M(512M), 0.0030511 secs]
2020-10-27T13:34:13.285+0800: 0.551: [GC pause (G1 Evacuation Pause) (mixed) 387M->349M(512M), 0.0048190 secs]
2020-10-27T13:34:13.293+0800: 0.559: [GC pause (G1 Evacuation Pause) (mixed) 378M->357M(512M), 0.0025174 secs]
2020-10-27T13:34:13.296+0800: 0.562: [GC pause (G1 Humongous Allocation) (young) (initial-mark) 358M->357M(512M), 0.0011847 secs]
2020-10-27T13:34:13.297+0800: 0.563: [GC concurrent-root-region-scan-start]
2020-10-27T13:34:13.297+0800: 0.563: [GC concurrent-root-region-scan-end, 0.0000861 secs]
2020-10-27T13:34:13.297+0800: 0.563: [GC concurrent-mark-start]
2020-10-27T13:34:13.298+0800: 0.564: [GC concurrent-mark-end, 0.0010104 secs]
2020-10-27T13:34:13.298+0800: 0.564: [GC remark, 0.0010202 secs]
2020-10-27T13:34:13.299+0800: 0.565: [GC cleanup 369M->369M(512M), 0.0003556 secs]
2020-10-27T13:34:13.304+0800: 0.570: [GC pause (G1 Evacuation Pause) (young) 407M->366M(512M), 0.0023141 secs]
2020-10-27T13:34:13.309+0800: 0.575: [GC pause (G1 Evacuation Pause) (mixed) 392M->351M(512M), 0.0045389 secs]
2020-10-27T13:34:13.316+0800: 0.582: [GC pause (G1 Evacuation Pause) (mixed) 376M->359M(512M), 0.0030424 secs]
2020-10-27T13:34:13.319+0800: 0.585: [GC pause (G1 Humongous Allocation) (young) (initial-mark) 360M->359M(512M), 0.0011633 secs]
2020-10-27T13:34:13.320+0800: 0.587: [GC concurrent-root-region-scan-start]
2020-10-27T13:34:13.320+0800: 0.587: [GC concurrent-root-region-scan-end, 0.0000212 secs]
2020-10-27T13:34:13.320+0800: 0.587: [GC concurrent-mark-start]
2020-10-27T13:34:13.322+0800: 0.588: [GC concurrent-mark-end, 0.0012319 secs]
2020-10-27T13:34:13.322+0800: 0.588: [GC remark, 0.0009518 secs]
2020-10-27T13:34:13.323+0800: 0.589: [GC cleanup 370M->370M(512M), 0.0002811 secs]
2020-10-27T13:34:13.326+0800: 0.593: [GC pause (G1 Evacuation Pause) (young) 403M->369M(512M), 0.0023519 secs]
2020-10-27T13:34:13.331+0800: 0.597: [GC pause (G1 Evacuation Pause) (mixed) 390M->358M(512M), 0.0034798 secs]
2020-10-27T13:34:13.338+0800: 0.604: [GC pause (G1 Evacuation Pause) (mixed) 386M->359M(512M), 0.0039262 secs]
2020-10-27T13:34:13.344+0800: 0.611: [GC pause (G1 Evacuation Pause) (mixed) 384M->365M(512M), 0.0020787 secs]
2020-10-27T13:34:13.347+0800: 0.613: [GC pause (G1 Humongous Allocation) (young) (initial-mark) 366M->365M(512M), 0.0009482 secs]
2020-10-27T13:34:13.348+0800: 0.614: [GC concurrent-root-region-scan-start]
2020-10-27T13:34:13.348+0800: 0.614: [GC concurrent-root-region-scan-end, 0.0000047 secs]
2020-10-27T13:34:13.348+0800: 0.614: [GC concurrent-mark-start]
2020-10-27T13:34:13.349+0800: 0.615: [GC concurrent-mark-end, 0.0009334 secs]
2020-10-27T13:34:13.349+0800: 0.615: [GC remark, 0.0010574 secs]
2020-10-27T13:34:13.350+0800: 0.616: [GC cleanup 372M->372M(512M), 0.0004326 secs]
2020-10-27T13:34:13.356+0800: 0.622: [GC pause (G1 Evacuation Pause) (young) 406M->375M(512M), 0.0021597 secs]
2020-10-27T13:34:13.362+0800: 0.628: [GC pause (G1 Evacuation Pause) (mixed) 402M->355M(512M), 0.0046353 secs]
2020-10-27T13:34:13.369+0800: 0.635: [GC pause (G1 Evacuation Pause) (mixed) 380M->362M(512M), 0.0023655 secs]
2020-10-27T13:34:13.372+0800: 0.638: [GC pause (G1 Humongous Allocation) (young) (initial-mark) 363M->362M(512M), 0.0009079 secs]
2020-10-27T13:34:13.373+0800: 0.639: [GC concurrent-root-region-scan-start]
2020-10-27T13:34:13.373+0800: 0.639: [GC concurrent-root-region-scan-end, 0.0000225 secs]
2020-10-27T13:34:13.373+0800: 0.639: [GC concurrent-mark-start]
2020-10-27T13:34:13.374+0800: 0.640: [GC concurrent-mark-end, 0.0014096 secs]
2020-10-27T13:34:13.374+0800: 0.640: [GC remark, 0.0011593 secs]
2020-10-27T13:34:13.375+0800: 0.641: [GC cleanup 371M->371M(512M), 0.0003675 secs]
2020-10-27T13:34:13.379+0800: 0.645: [GC pause (G1 Evacuation Pause) (young) 402M->370M(512M), 0.0018035 secs]
2020-10-27T13:34:13.384+0800: 0.650: [GC pause (G1 Evacuation Pause) (mixed) 394M->352M(512M), 0.0048819 secs]
2020-10-27T13:34:13.390+0800: 0.656: [GC pause (G1 Humongous Allocation) (young) (initial-mark) 355M->353M(512M), 0.0008649 secs]
2020-10-27T13:34:13.391+0800: 0.657: [GC concurrent-root-region-scan-start]
2020-10-27T13:34:13.391+0800: 0.657: [GC concurrent-root-region-scan-end, 0.0000825 secs]
2020-10-27T13:34:13.391+0800: 0.657: [GC concurrent-mark-start]
2020-10-27T13:34:13.392+0800: 0.658: [GC concurrent-mark-end, 0.0011657 secs]
2020-10-27T13:34:13.392+0800: 0.658: [GC remark, 0.0010042 secs]
2020-10-27T13:34:13.393+0800: 0.659: [GC cleanup 365M->365M(512M), 0.0002635 secs]
2020-10-27T13:34:13.398+0800: 0.664: [GC pause (G1 Evacuation Pause) (young) 409M->369M(512M), 0.0027779 secs]
2020-10-27T13:34:13.404+0800: 0.670: [GC pause (G1 Evacuation Pause) (mixed) 392M->363M(512M), 0.0036228 secs]
2020-10-27T13:34:13.408+0800: 0.674: [GC pause (G1 Humongous Allocation) (young) (initial-mark) 367M->364M(512M), 0.0009274 secs]
2020-10-27T13:34:13.409+0800: 0.675: [GC concurrent-root-region-scan-start]
2020-10-27T13:34:13.409+0800: 0.675: [GC concurrent-root-region-scan-end, 0.0000741 secs]
2020-10-27T13:34:13.409+0800: 0.675: [GC concurrent-mark-start]
2020-10-27T13:34:13.410+0800: 0.676: [GC concurrent-mark-end, 0.0012185 secs]
2020-10-27T13:34:13.410+0800: 0.676: [GC remark, 0.0010143 secs]
2020-10-27T13:34:13.411+0800: 0.677: [GC cleanup 377M->377M(512M), 0.0002597 secs]
2020-10-27T13:34:13.415+0800: 0.681: [GC pause (G1 Evacuation Pause) (young) 407M->376M(512M), 0.0020994 secs]
2020-10-27T13:34:13.420+0800: 0.686: [GC pause (G1 Evacuation Pause) (mixed) 401M->368M(512M), 0.0044317 secs]
2020-10-27T13:34:13.425+0800: 0.690: [GC pause (G1 Humongous Allocation) (young) (initial-mark) 369M->368M(512M), 0.0007711 secs]
2020-10-27T13:34:13.425+0800: 0.691: [GC concurrent-root-region-scan-start]
2020-10-27T13:34:13.425+0800: 0.691: [GC concurrent-root-region-scan-end, 0.0000702 secs]
2020-10-27T13:34:13.425+0800: 0.691: [GC concurrent-mark-start]
2020-10-27T13:34:13.427+0800: 0.693: [GC concurrent-mark-end, 0.0012003 secs]
2020-10-27T13:34:13.427+0800: 0.693: [GC remark, 0.0009574 secs]
2020-10-27T13:34:13.428+0800: 0.694: [GC cleanup 380M->380M(512M), 0.0002929 secs]
2020-10-27T13:34:13.431+0800: 0.697: [GC pause (G1 Evacuation Pause) (young) 407M->376M(512M), 0.0019730 secs]
2020-10-27T13:34:13.436+0800: 0.702: [GC pause (G1 Evacuation Pause) (mixed) 404M->365M(512M), 0.0048302 secs]
2020-10-27T13:34:13.441+0800: 0.707: [GC pause (G1 Humongous Allocation) (young) (initial-mark) 365M->365M(512M), 0.0008661 secs]
2020-10-27T13:34:13.442+0800: 0.708: [GC concurrent-root-region-scan-start]
2020-10-27T13:34:13.442+0800: 0.708: [GC concurrent-root-region-scan-end, 0.0000055 secs]
2020-10-27T13:34:13.442+0800: 0.708: [GC concurrent-mark-start]
2020-10-27T13:34:13.443+0800: 0.709: [GC concurrent-mark-end, 0.0013338 secs]
2020-10-27T13:34:13.443+0800: 0.709: [GC remark, 0.0010113 secs]
2020-10-27T13:34:13.445+0800: 0.710: [GC cleanup 380M->380M(512M), 0.0002845 secs]
2020-10-27T13:34:13.449+0800: 0.715: [GC pause (G1 Evacuation Pause) (young) 415M->381M(512M), 0.0026651 secs]
2020-10-27T13:34:13.455+0800: 0.721: [GC pause (G1 Evacuation Pause) (mixed) 406M->371M(512M), 0.0041654 secs]
2020-10-27T13:34:13.458+0800: 0.725: [GC pause (G1 Humongous Allocation) (young) (initial-mark) 373M->371M(512M), 0.0008588 secs]
2020-10-27T13:34:13.459+0800: 0.726: [GC concurrent-root-region-scan-start]
2020-10-27T13:34:13.459+0800: 0.726: [GC concurrent-root-region-scan-end, 0.0000165 secs]
2020-10-27T13:34:13.459+0800: 0.726: [GC concurrent-mark-start]
2020-10-27T13:34:13.460+0800: 0.727: [GC concurrent-mark-end, 0.0011473 secs]
2020-10-27T13:34:13.460+0800: 0.727: [GC remark, 0.0010530 secs]
2020-10-27T13:34:13.461+0800: 0.728: [GC cleanup 379M->379M(512M), 0.0003108 secs]
2020-10-27T13:34:13.465+0800: 0.732: [GC pause (G1 Evacuation Pause) (young) 412M->382M(512M), 0.0024458 secs]
2020-10-27T13:34:13.470+0800: 0.737: [GC pause (G1 Evacuation Pause) (mixed) 407M->373M(512M), 0.0047804 secs]
2020-10-27T13:34:13.476+0800: 0.743: [GC pause (G1 Humongous Allocation) (young) (initial-mark) 378M->375M(512M), 0.0010875 secs]
2020-10-27T13:34:13.477+0800: 0.744: [GC concurrent-root-region-scan-start]
2020-10-27T13:34:13.477+0800: 0.744: [GC concurrent-root-region-scan-end, 0.0000946 secs]
2020-10-27T13:34:13.477+0800: 0.744: [GC concurrent-mark-start]
2020-10-27T13:34:13.479+0800: 0.746: [GC concurrent-mark-end, 0.0013827 secs]
2020-10-27T13:34:13.479+0800: 0.746: [GC remark, 0.0010016 secs]
2020-10-27T13:34:13.480+0800: 0.747: [GC cleanup 386M->386M(512M), 0.0002769 secs]
2020-10-27T13:34:13.483+0800: 0.749: [GC pause (G1 Evacuation Pause) (young) 409M->382M(512M), 0.0019431 secs]
2020-10-27T13:34:13.488+0800: 0.755: [GC pause (G1 Evacuation Pause) (mixed) 409M->373M(512M), 0.0045608 secs]
2020-10-27T13:34:13.493+0800: 0.760: [GC pause (G1 Humongous Allocation) (young) (initial-mark) 377M->374M(512M), 0.0008394 secs]
2020-10-27T13:34:13.494+0800: 0.760: [GC concurrent-root-region-scan-start]
2020-10-27T13:34:13.494+0800: 0.761: [GC concurrent-root-region-scan-end, 0.0000757 secs]
2020-10-27T13:34:13.494+0800: 0.761: [GC concurrent-mark-start]
2020-10-27T13:34:13.495+0800: 0.762: [GC concurrent-mark-end, 0.0012908 secs]
2020-10-27T13:34:13.495+0800: 0.762: [GC remark, 0.0010101 secs]
2020-10-27T13:34:13.496+0800: 0.763: [GC cleanup 386M->386M(512M), 0.0002904 secs]
2020-10-27T13:34:13.499+0800: 0.766: [GC pause (G1 Evacuation Pause) (young) 411M->383M(512M), 0.0020501 secs]
2020-10-27T13:34:13.504+0800: 0.771: [GC pause (G1 Evacuation Pause) (mixed) 411M->376M(512M), 0.0044549 secs]
2020-10-27T13:34:13.509+0800: 0.776: [GC pause (G1 Humongous Allocation) (young) (initial-mark) 378M->375M(512M), 0.0008036 secs]
2020-10-27T13:34:13.510+0800: 0.777: [GC concurrent-root-region-scan-start]
2020-10-27T13:34:13.510+0800: 0.777: [GC concurrent-root-region-scan-end, 0.0000788 secs]
2020-10-27T13:34:13.510+0800: 0.777: [GC concurrent-mark-start]
2020-10-27T13:34:13.511+0800: 0.778: [GC concurrent-mark-end, 0.0011617 secs]
2020-10-27T13:34:13.511+0800: 0.778: [GC remark, 0.0009716 secs]
2020-10-27T13:34:13.512+0800: 0.779: [GC cleanup 388M->388M(512M), 0.0003014 secs]
2020-10-27T13:34:13.515+0800: 0.782: [GC pause (G1 Evacuation Pause) (young) 408M->384M(512M), 0.0018378 secs]
2020-10-27T13:34:13.520+0800: 0.786: [GC pause (G1 Evacuation Pause) (mixed) 411M->376M(512M), 0.0047556 secs]
2020-10-27T13:34:13.525+0800: 0.791: [GC pause (G1 Humongous Allocation) (young) (initial-mark) 376M->376M(512M), 0.0007542 secs]
2020-10-27T13:34:13.525+0800: 0.792: [GC concurrent-root-region-scan-start]
2020-10-27T13:34:13.525+0800: 0.792: [GC concurrent-root-region-scan-end, 0.0000186 secs]
2020-10-27T13:34:13.525+0800: 0.792: [GC concurrent-mark-start]
2020-10-27T13:34:13.527+0800: 0.793: [GC concurrent-mark-end, 0.0012378 secs]
2020-10-27T13:34:13.527+0800: 0.793: [GC remark, 0.0011245 secs]
2020-10-27T13:34:13.528+0800: 0.795: [GC cleanup 387M->387M(512M), 0.0002844 secs]
2020-10-27T13:34:13.531+0800: 0.797: [GC pause (G1 Evacuation Pause) (young) 409M->388M(512M), 0.0016970 secs]
2020-10-27T13:34:13.535+0800: 0.802: [GC pause (G1 Evacuation Pause) (mixed) 413M->380M(512M), 0.0040172 secs]
2020-10-27T13:34:13.540+0800: 0.807: [GC pause (G1 Humongous Allocation) (young) (initial-mark) 385M->381M(512M), 0.0010197 secs]
2020-10-27T13:34:13.541+0800: 0.808: [GC concurrent-root-region-scan-start]
2020-10-27T13:34:13.541+0800: 0.808: [GC concurrent-root-region-scan-end, 0.0000787 secs]
2020-10-27T13:34:13.541+0800: 0.808: [GC concurrent-mark-start]
2020-10-27T13:34:13.542+0800: 0.809: [GC concurrent-mark-end, 0.0013333 secs]
2020-10-27T13:34:13.543+0800: 0.809: [GC remark, 0.0010114 secs]
2020-10-27T13:34:13.544+0800: 0.810: [GC cleanup 396M->396M(512M), 0.0002751 secs]
2020-10-27T13:34:13.546+0800: 0.813: [GC pause (G1 Evacuation Pause) (young) 413M->393M(512M), 0.0019847 secs]
2020-10-27T13:34:13.550+0800: 0.817: [GC pause (G1 Evacuation Pause) (mixed)-- 420M->394M(512M), 0.0040396 secs]
2020-10-27T13:34:13.555+0800: 0.822: [GC pause (G1 Humongous Allocation) (young) (initial-mark) 396M->394M(512M), 0.0009177 secs]
2020-10-27T13:34:13.556+0800: 0.823: [GC concurrent-root-region-scan-start]
2020-10-27T13:34:13.556+0800: 0.823: [GC concurrent-root-region-scan-end, 0.0000947 secs]
2020-10-27T13:34:13.556+0800: 0.823: [GC concurrent-mark-start]
2020-10-27T13:34:13.558+0800: 0.824: [GC concurrent-mark-end, 0.0015539 secs]
2020-10-27T13:34:13.558+0800: 0.824: [GC remark, 0.0012278 secs]
2020-10-27T13:34:13.559+0800: 0.826: [GC cleanup 406M->406M(512M), 0.0003061 secs]
2020-10-27T13:34:13.562+0800: 0.829: [GC pause (G1 Evacuation Pause) (young) 424M->401M(512M), 0.0016410 secs]
2020-10-27T13:34:13.567+0800: 0.833: [GC pause (G1 Evacuation Pause) (mixed)-- 425M->409M(512M), 0.0035755 secs]
2020-10-27T13:34:13.571+0800: 0.837: [GC pause (G1 Humongous Allocation) (young) (initial-mark) 411M->409M(512M), 0.0009123 secs]
2020-10-27T13:34:13.572+0800: 0.838: [GC concurrent-root-region-scan-start]
2020-10-27T13:34:13.572+0800: 0.838: [GC concurrent-root-region-scan-end, 0.0000893 secs]
2020-10-27T13:34:13.572+0800: 0.838: [GC concurrent-mark-start]
2020-10-27T13:34:13.574+0800: 0.840: [GC concurrent-mark-end, 0.0018973 secs]
2020-10-27T13:34:13.574+0800: 0.840: [GC remark, 0.0010266 secs]
2020-10-27T13:34:13.575+0800: 0.841: [GC cleanup 426M->426M(512M), 0.0002827 secs]
2020-10-27T13:34:13.577+0800: 0.843: [GC pause (G1 Evacuation Pause) (young) 442M->417M(512M), 0.0017639 secs]
2020-10-27T13:34:13.581+0800: 0.848: [GC pause (G1 Evacuation Pause) (mixed)-- 442M->430M(512M), 0.0022012 secs]
2020-10-27T13:34:13.586+0800: 0.853: [GC pause (G1 Evacuation Pause) (mixed)-- 454M->445M(512M), 0.0013251 secs]
2020-10-27T13:34:13.588+0800: 0.854: [GC pause (G1 Humongous Allocation) (young) (initial-mark) 446M->446M(512M), 0.0005120 secs]
2020-10-27T13:34:13.588+0800: 0.855: [GC concurrent-root-region-scan-start]
2020-10-27T13:34:13.588+0800: 0.855: [GC concurrent-root-region-scan-end, 0.0000235 secs]
2020-10-27T13:34:13.588+0800: 0.855: [GC concurrent-mark-start]
2020-10-27T13:34:13.590+0800: 0.856: [GC pause (G1 Evacuation Pause) (young)-- 455M->451M(512M), 0.0005636 secs]
2020-10-27T13:34:13.590+0800: 0.857: [GC concurrent-mark-end, 0.0018467 secs]
2020-10-27T13:34:13.590+0800: 0.857: [GC remark, 0.0009506 secs]
2020-10-27T13:34:13.591+0800: 0.858: [GC cleanup 452M->451M(512M), 0.0002411 secs]
2020-10-27T13:34:13.592+0800: 0.858: [GC concurrent-cleanup-start]
2020-10-27T13:34:13.592+0800: 0.858: [GC concurrent-cleanup-end, 0.0000059 secs]
2020-10-27T13:34:13.592+0800: 0.859: [GC pause (G1 Evacuation Pause) (young)-- 457M->457M(512M), 0.0005516 secs]
2020-10-27T13:34:13.593+0800: 0.860: [Full GC (Allocation Failure)  457M->339M(512M), 0.0305505 secs]
2020-10-27T13:34:13.624+0800: 0.890: [GC pause (G1 Humongous Allocation) (young) (initial-mark) 339M->339M(512M), 0.0005182 secs]
2020-10-27T13:34:13.624+0800: 0.891: [GC concurrent-root-region-scan-start]
2020-10-27T13:34:13.624+0800: 0.891: [GC concurrent-root-region-scan-end, 0.0000426 secs]
2020-10-27T13:34:13.625+0800: 0.891: [GC concurrent-mark-start]
2020-10-27T13:34:13.625+0800: 0.892: [GC concurrent-mark-end, 0.0009714 secs]
2020-10-27T13:34:13.626+0800: 0.892: [GC remark, 0.0010144 secs]
2020-10-27T13:34:13.627+0800: 0.893: [GC cleanup 347M->347M(512M), 0.0002862 secs]
2020-10-27T13:34:13.630+0800: 0.897: [GC pause (G1 Evacuation Pause) (young) 375M->348M(512M), 0.0018003 secs]
2020-10-27T13:34:13.632+0800: 0.899: [GC pause (G1 Humongous Allocation) (young) (initial-mark) 348M->347M(512M), 0.0008306 secs]
2020-10-27T13:34:13.633+0800: 0.900: [GC concurrent-root-region-scan-start]
2020-10-27T13:34:13.633+0800: 0.900: [GC concurrent-root-region-scan-end, 0.0000711 secs]
2020-10-27T13:34:13.633+0800: 0.900: [GC concurrent-mark-start]
2020-10-27T13:34:13.635+0800: 0.901: [GC concurrent-mark-end, 0.0012311 secs]
2020-10-27T13:34:13.635+0800: 0.901: [GC remark, 0.0010939 secs]
2020-10-27T13:34:13.636+0800: 0.902: [GC cleanup 361M->361M(512M), 0.0003881 secs]
2020-10-27T13:34:13.639+0800: 0.905: [GC pause (G1 Evacuation Pause) (young) 378M->358M(512M), 0.0016698 secs]
2020-10-27T13:34:13.641+0800: 0.907: [GC pause (G1 Humongous Allocation) (young) (initial-mark) 362M->358M(512M), 0.0007900 secs]
2020-10-27T13:34:13.642+0800: 0.908: [GC concurrent-root-region-scan-start]
2020-10-27T13:34:13.642+0800: 0.908: [GC concurrent-root-region-scan-end, 0.0000965 secs]
2020-10-27T13:34:13.642+0800: 0.908: [GC concurrent-mark-start]
2020-10-27T13:34:13.643+0800: 0.910: [GC concurrent-mark-end, 0.0012286 secs]
2020-10-27T13:34:13.643+0800: 0.910: [GC remark, 0.0013889 secs]
2020-10-27T13:34:13.645+0800: 0.911: [GC cleanup 373M->373M(512M), 0.0007289 secs]
2020-10-27T13:34:13.648+0800: 0.914: [GC pause (G1 Evacuation Pause) (young) 388M->365M(512M), 0.0019547 secs]
2020-10-27T13:34:13.652+0800: 0.919: [GC pause (G1 Evacuation Pause) (mixed) 392M->369M(512M), 0.0027382 secs]
2020-10-27T13:34:13.656+0800: 0.922: [GC pause (G1 Humongous Allocation) (young) (initial-mark) 371M->370M(512M), 0.0015604 secs]
2020-10-27T13:34:13.657+0800: 0.923: [GC concurrent-root-region-scan-start]
2020-10-27T13:34:13.657+0800: 0.924: [GC concurrent-root-region-scan-end, 0.0001280 secs]
2020-10-27T13:34:13.657+0800: 0.924: [GC concurrent-mark-start]
2020-10-27T13:34:13.659+0800: 0.925: [GC concurrent-mark-end, 0.0013831 secs]
2020-10-27T13:34:13.659+0800: 0.925: [GC remark, 0.0016820 secs]
2020-10-27T13:34:13.661+0800: 0.927: [GC cleanup 385M->385M(512M), 0.0007457 secs]
2020-10-27T13:34:13.664+0800: 0.931: [GC pause (G1 Evacuation Pause) (young) 404M->383M(512M), 0.0019124 secs]
2020-10-27T13:34:13.670+0800: 0.936: [GC pause (G1 Evacuation Pause) (mixed)-- 411M->406M(512M), 0.0021804 secs]
2020-10-27T13:34:13.672+0800: 0.939: [GC pause (G1 Humongous Allocation) (young) (initial-mark) 407M->406M(512M), 0.0009063 secs]
2020-10-27T13:34:13.673+0800: 0.940: [GC concurrent-root-region-scan-start]
2020-10-27T13:34:13.673+0800: 0.940: [GC concurrent-root-region-scan-end, 0.0000728 secs]
2020-10-27T13:34:13.673+0800: 0.940: [GC concurrent-mark-start]
2020-10-27T13:34:13.675+0800: 0.941: [GC concurrent-mark-end, 0.0012548 secs]
2020-10-27T13:34:13.675+0800: 0.941: [GC remark, 0.0011739 secs]
2020-10-27T13:34:13.676+0800: 0.942: [GC cleanup 418M->418M(512M), 0.0006393 secs]
2020-10-27T13:34:13.678+0800: 0.944: [GC pause (G1 Evacuation Pause) (young)-- 424M->418M(512M), 0.0018162 secs]
2020-10-27T13:34:13.681+0800: 0.947: [GC pause (G1 Evacuation Pause) (mixed)-- 427M->424M(512M), 0.0007808 secs]
2020-10-27T13:34:13.682+0800: 0.948: [GC pause (G1 Evacuation Pause) (mixed)-- 428M->427M(512M), 0.0009121 secs]
2020-10-27T13:34:13.683+0800: 0.949: [GC pause (G1 Humongous Allocation) (young) (initial-mark)-- 428M->428M(512M), 0.0004506 secs]
2020-10-27T13:34:13.684+0800: 0.950: [GC concurrent-root-region-scan-start]
2020-10-27T13:34:13.684+0800: 0.950: [GC concurrent-root-region-scan-end, 0.0000054 secs]
2020-10-27T13:34:13.684+0800: 0.950: [GC concurrent-mark-start]
2020-10-27T13:34:13.684+0800: 0.950: [GC pause (G1 Humongous Allocation) (young) 428M->428M(512M), 0.0003642 secs]
2020-10-27T13:34:13.684+0800: 0.950: [Full GC (Allocation Failure)  428M->348M(512M), 0.0311331 secs]
2020-10-27T13:34:13.715+0800: 0.982: [GC concurrent-mark-abort]
2020-10-27T13:34:13.715+0800: 0.982: [GC pause (G1 Humongous Allocation) (young) (initial-mark) 349M->348M(512M), 0.0010273 secs]
2020-10-27T13:34:13.717+0800: 0.983: [GC concurrent-root-region-scan-start]
2020-10-27T13:34:13.717+0800: 0.983: [GC concurrent-root-region-scan-end, 0.0000239 secs]
2020-10-27T13:34:13.717+0800: 0.983: [GC concurrent-mark-start]
2020-10-27T13:34:13.718+0800: 0.984: [GC concurrent-mark-end, 0.0014595 secs]
2020-10-27T13:34:13.718+0800: 0.984: [GC remark, 0.0015938 secs]
2020-10-27T13:34:13.720+0800: 0.986: [GC cleanup 364M->364M(512M), 0.0003890 secs]
2020-10-27T13:34:13.723+0800: 0.989: [GC pause (G1 Evacuation Pause) (young) 381M->360M(512M), 0.0023828 secs]
2020-10-27T13:34:13.726+0800: 0.992: [GC pause (G1 Humongous Allocation) (young) (initial-mark) 367M->360M(512M), 0.0010578 secs]
2020-10-27T13:34:13.727+0800: 0.993: [GC concurrent-root-region-scan-start]
2020-10-27T13:34:13.727+0800: 0.993: [GC concurrent-root-region-scan-end, 0.0000912 secs]
2020-10-27T13:34:13.727+0800: 0.993: [GC concurrent-mark-start]
2020-10-27T13:34:13.729+0800: 0.995: [GC concurrent-mark-end, 0.0017543 secs]
2020-10-27T13:34:13.729+0800: 0.995: [GC remark, 0.0015645 secs]
2020-10-27T13:34:13.731+0800: 0.997: [GC cleanup 375M->375M(512M), 0.0009372 secs]
2020-10-27T13:34:13.734+0800: 1.000: [GC pause (G1 Evacuation Pause) (young) 393M->367M(512M), 0.0021005 secs]
2020-10-27T13:34:13.739+0800: 1.005: [GC pause (G1 Evacuation Pause) (mixed) 396M->368M(512M), 0.0029536 secs]
2020-10-27T13:34:13.743+0800: 1.009: [GC pause (G1 Humongous Allocation) (young) (initial-mark) 375M->368M(512M), 0.0020581 secs]
2020-10-27T13:34:13.745+0800: 1.011: [GC concurrent-root-region-scan-start]
2020-10-27T13:34:13.745+0800: 1.011: [GC concurrent-root-region-scan-end, 0.0000923 secs]
2020-10-27T13:34:13.745+0800: 1.011: [GC concurrent-mark-start]
2020-10-27T13:34:13.747+0800: 1.013: [GC concurrent-mark-end, 0.0013293 secs]
2020-10-27T13:34:13.747+0800: 1.013: [GC remark, 0.0012553 secs]
2020-10-27T13:34:13.748+0800: 1.014: [GC cleanup 383M->383M(512M), 0.0007586 secs]
2020-10-27T13:34:13.751+0800: 1.017: [GC pause (G1 Evacuation Pause) (young) 399M->376M(512M), 0.0021153 secs]
2020-10-27T13:34:13.756+0800: 1.022: [GC pause (G1 Evacuation Pause) (mixed)-- 401M->406M(512M), 0.0029115 secs]
2020-10-27T13:34:13.759+0800: 1.025: [GC pause (G1 Humongous Allocation) (young) (initial-mark) 407M->406M(512M), 0.0013806 secs]
2020-10-27T13:34:13.761+0800: 1.027: [GC concurrent-root-region-scan-start]
2020-10-27T13:34:13.761+0800: 1.027: [GC concurrent-root-region-scan-end, 0.0001524 secs]
2020-10-27T13:34:13.761+0800: 1.027: [GC concurrent-mark-start]
2020-10-27T13:34:13.762+0800: 1.028: [GC pause (G1 Evacuation Pause) (young)-- 419M->416M(512M), 0.0010197 secs]
2020-10-27T13:34:13.764+0800: 1.030: [GC concurrent-mark-end, 0.0028018 secs]
2020-10-27T13:34:13.764+0800: 1.030: [GC remark, 0.0013007 secs]
2020-10-27T13:34:13.765+0800: 1.031: [GC cleanup 419M->419M(512M), 0.0003402 secs]
2020-10-27T13:34:13.766+0800: 1.032: [GC pause (G1 Humongous Allocation) (young)-- 419M->418M(512M), 0.0008452 secs]
2020-10-27T13:34:13.767+0800: 1.033: [GC pause (G1 Humongous Allocation) (mixed)-- 419M->418M(512M), 0.0007797 secs]
2020-10-27T13:34:13.768+0800: 1.034: [GC pause (G1 Evacuation Pause) (mixed)-- 419M->418M(512M), 0.0009476 secs]
2020-10-27T13:34:13.769+0800: 1.035: [GC pause (G1 Humongous Allocation) (young)-- 419M->419M(512M), 0.0006775 secs]
2020-10-27T13:34:13.770+0800: 1.036: [Full GC (Allocation Failure)  419M->353M(512M), 0.0368596 secs]
2020-10-27T13:34:13.807+0800: 1.073: [GC pause (G1 Humongous Allocation) (young) (initial-mark) 354M->353M(512M), 0.0005565 secs]
2020-10-27T13:34:13.807+0800: 1.074: [GC concurrent-root-region-scan-start]
2020-10-27T13:34:13.807+0800: 1.074: [GC concurrent-root-region-scan-end, 0.0000064 secs]
2020-10-27T13:34:13.807+0800: 1.074: [GC concurrent-mark-start]
2020-10-27T13:34:13.809+0800: 1.075: [GC concurrent-mark-end, 0.0017819 secs]
2020-10-27T13:34:13.809+0800: 1.075: [GC remark, 0.0012218 secs]
2020-10-27T13:34:13.811+0800: 1.077: [GC cleanup 370M->370M(512M), 0.0003068 secs]
2020-10-27T13:34:13.813+0800: 1.079: [GC pause (G1 Evacuation Pause) (young) 388M->364M(512M), 0.0020197 secs]
2020-10-27T13:34:13.815+0800: 1.082: [GC pause (G1 Humongous Allocation) (young) (initial-mark) 365M->364M(512M), 0.0009616 secs]
2020-10-27T13:34:13.816+0800: 1.083: [GC concurrent-root-region-scan-start]
2020-10-27T13:34:13.817+0800: 1.083: [GC concurrent-root-region-scan-end, 0.0000962 secs]
2020-10-27T13:34:13.817+0800: 1.083: [GC concurrent-mark-start]
2020-10-27T13:34:13.818+0800: 1.084: [GC concurrent-mark-end, 0.0017271 secs]
2020-10-27T13:34:13.818+0800: 1.084: [GC remark, 0.0012799 secs]
2020-10-27T13:34:13.820+0800: 1.086: [GC cleanup 379M->379M(512M), 0.0004618 secs]
2020-10-27T13:34:13.823+0800: 1.089: [GC pause (G1 Evacuation Pause) (young) 397M->375M(512M), 0.0022532 secs]
