Java HotSpot(TM) 64-Bit Server VM (25.231-b11) for windows-amd64 JRE (1.8.0_231-b11), built on Oct  5 2019 03:11:30 by "java_re" with MS VC++ 10.0 (VS2010)
Memory: 4k page, physical 16578856k(8221832k free), swap 19462440k(6017380k free)
CommandLine flags: -XX:InitialHeapSize=536870912 -XX:MaxHeapSize=536870912 -XX:MaxNewSize=178958336 -XX:MaxTenuringThreshold=6 -XX:NewSize=178958336 -XX:OldPLABSize=16 -XX:OldSize=357912576 -XX:+PrintGC -XX:+PrintGCDateStamps -XX:+PrintGCDetails -XX:+PrintGCTimeStamps -XX:+UseCompressedClassPointers -XX:+UseCompressedOops -XX:+UseConcMarkSweepGC -XX:-UseLargePagesIndividualAllocation -XX:+UseParNewGC 
2020-10-27T10:37:19.210+0800: 0.150: [GC (Allocation Failure) 2020-10-27T10:37:19.210+0800: 0.151: [ParNew: 139736K->17471K(157248K), 0.0070604 secs] 139736K->50024K(506816K), 0.0072305 secs] [Times: user=0.00 sys=0.00, real=0.01 secs] 
2020-10-27T10:37:19.241+0800: 0.181: [GC (Allocation Failure) 2020-10-27T10:37:19.241+0800: 0.181: [ParNew: 157247K->17470K(157248K), 0.0086755 secs] 189800K->88708K(506816K), 0.0087513 secs] [Times: user=0.09 sys=0.02, real=0.01 secs] 
2020-10-27T10:37:19.266+0800: 0.207: [GC (Allocation Failure) 2020-10-27T10:37:19.266+0800: 0.207: [ParNew: 157246K->17470K(157248K), 0.0171745 secs] 228484K->129391K(506816K), 0.0172536 secs] [Times: user=0.09 sys=0.02, real=0.02 secs] 
2020-10-27T10:37:19.301+0800: 0.241: [GC (Allocation Failure) 2020-10-27T10:37:19.301+0800: 0.241: [ParNew: 157246K->17471K(157248K), 0.0188288 secs] 269167K->172981K(506816K), 0.0189422 secs] [Times: user=0.17 sys=0.03, real=0.02 secs] 
2020-10-27T10:37:19.340+0800: 0.280: [GC (Allocation Failure) 2020-10-27T10:37:19.340+0800: 0.280: [ParNew: 157247K->17471K(157248K), 0.0205765 secs] 312757K->226127K(506816K), 0.0206486 secs] [Times: user=0.09 sys=0.01, real=0.02 secs] 
2020-10-27T10:37:19.360+0800: 0.301: [GC (CMS Initial Mark) [1 CMS-initial-mark: 208655K(349568K)] 226387K(506816K), 0.0001856 secs] [Times: user=0.00 sys=0.00, real=0.00 secs] 
2020-10-27T10:37:19.360+0800: 0.301: [CMS-concurrent-mark-start]
2020-10-27T10:37:19.361+0800: 0.302: [CMS-concurrent-mark: 0.001/0.001 secs] [Times: user=0.00 sys=0.00, real=0.00 secs] 
2020-10-27T10:37:19.361+0800: 0.302: [CMS-concurrent-preclean-start]
2020-10-27T10:37:19.362+0800: 0.303: [CMS-concurrent-preclean: 0.000/0.000 secs] [Times: user=0.00 sys=0.00, real=0.00 secs] 
2020-10-27T10:37:19.362+0800: 0.303: [CMS-concurrent-abortable-preclean-start]
2020-10-27T10:37:19.379+0800: 0.321: [GC (Allocation Failure) 2020-10-27T10:37:19.379+0800: 0.321: [ParNew: 157149K->17471K(157248K), 0.0184020 secs] 365805K->272879K(506816K), 0.0184823 secs] [Times: user=0.20 sys=0.00, real=0.02 secs] 
2020-10-27T10:37:19.415+0800: 0.356: [GC (Allocation Failure) 2020-10-27T10:37:19.415+0800: 0.356: [ParNew: 157247K->17471K(157248K), 0.0191415 secs] 412655K->319673K(506816K), 0.0192465 secs] [Times: user=0.11 sys=0.00, real=0.02 secs] 
2020-10-27T10:37:19.452+0800: 0.393: [GC (Allocation Failure) 2020-10-27T10:37:19.452+0800: 0.393: [ParNew: 157247K->157247K(157248K), 0.0000230 secs]2020-10-27T10:37:19.452+0800: 0.393: [CMS2020-10-27T10:37:19.452+0800: 0.393: [CMS-concurrent-abortable-preclean: 0.003/0.090 secs] [Times: user=0.36 sys=0.00, real=0.09 secs] 
 (concurrent mode failure): 302201K->251450K(349568K), 0.0422694 secs] 459449K->251450K(506816K), [Metaspace: 2682K->2682K(1056768K)], 0.0423938 secs] [Times: user=0.05 sys=0.00, real=0.04 secs] 
2020-10-27T10:37:19.511+0800: 0.452: [GC (Allocation Failure) 2020-10-27T10:37:19.511+0800: 0.452: [ParNew: 139776K->17471K(157248K), 0.0071771 secs] 391226K->302259K(506816K), 0.0072669 secs] [Times: user=0.00 sys=0.00, real=0.01 secs] 
2020-10-27T10:37:19.518+0800: 0.459: [GC (CMS Initial Mark) [1 CMS-initial-mark: 284788K(349568K)] 302727K(506816K), 0.0002354 secs] [Times: user=0.00 sys=0.00, real=0.00 secs] 
2020-10-27T10:37:19.519+0800: 0.459: [CMS-concurrent-mark-start]
2020-10-27T10:37:19.522+0800: 0.462: [CMS-concurrent-mark: 0.003/0.003 secs] [Times: user=0.05 sys=0.00, real=0.00 secs] 
2020-10-27T10:37:19.522+0800: 0.463: [CMS-concurrent-preclean-start]
2020-10-27T10:37:19.522+0800: 0.463: [CMS-concurrent-preclean: 0.001/0.001 secs] [Times: user=0.00 sys=0.00, real=0.00 secs] 
2020-10-27T10:37:19.522+0800: 0.463: [CMS-concurrent-abortable-preclean-start]
2020-10-27T10:37:19.535+0800: 0.476: [GC (Allocation Failure) 2020-10-27T10:37:19.535+0800: 0.476: [ParNew: 157247K->17469K(157248K), 0.0137711 secs] 442035K->341673K(506816K), 0.0138465 secs] [Times: user=0.09 sys=0.00, real=0.01 secs] 
2020-10-27T10:37:19.563+0800: 0.504: [GC (Allocation Failure) 2020-10-27T10:37:19.563+0800: 0.504: [ParNew: 157245K->157245K(157248K), 0.0000191 secs]2020-10-27T10:37:19.563+0800: 0.504: [CMS2020-10-27T10:37:19.563+0800: 0.504: [CMS-concurrent-abortable-preclean: 0.001/0.041 secs] [Times: user=0.11 sys=0.00, real=0.04 secs] 
 (concurrent mode failure): 324203K->296922K(349568K), 0.0400775 secs] 481449K->296922K(506816K), [Metaspace: 2682K->2682K(1056768K)], 0.0402979 secs] [Times: user=0.05 sys=0.00, real=0.04 secs] 
2020-10-27T10:37:19.618+0800: 0.559: [GC (Allocation Failure) 2020-10-27T10:37:19.619+0800: 0.559: [ParNew: 139776K->17468K(157248K), 0.0093908 secs] 436698K->347432K(506816K), 0.0095393 secs] [Times: user=0.00 sys=0.00, real=0.01 secs] 
2020-10-27T10:37:19.628+0800: 0.569: [GC (CMS Initial Mark) [1 CMS-initial-mark: 329964K(349568K)] 350642K(506816K), 0.0004636 secs] [Times: user=0.00 sys=0.00, real=0.00 secs] 
2020-10-27T10:37:19.629+0800: 0.569: [CMS-concurrent-mark-start]
2020-10-27T10:37:19.630+0800: 0.570: [CMS-concurrent-mark: 0.001/0.001 secs] [Times: user=0.00 sys=0.00, real=0.00 secs] 
2020-10-27T10:37:19.630+0800: 0.570: [CMS-concurrent-preclean-start]
2020-10-27T10:37:19.630+0800: 0.571: [CMS-concurrent-preclean: 0.000/0.000 secs] [Times: user=0.00 sys=0.00, real=0.00 secs] 
2020-10-27T10:37:19.630+0800: 0.571: [CMS-concurrent-abortable-preclean-start]
2020-10-27T10:37:19.630+0800: 0.571: [CMS-concurrent-abortable-preclean: 0.000/0.000 secs] [Times: user=0.00 sys=0.00, real=0.00 secs] 
2020-10-27T10:37:19.630+0800: 0.571: [GC (CMS Final Remark) [YG occupancy: 36132 K (157248 K)]2020-10-27T10:37:19.630+0800: 0.571: [Rescan (parallel) , 0.0002650 secs]2020-10-27T10:37:19.631+0800: 0.571: [weak refs processing, 0.0000145 secs]2020-10-27T10:37:19.631+0800: 0.571: [class unloading, 0.0001838 secs]2020-10-27T10:37:19.631+0800: 0.571: [scrub symbol table, 0.0002554 secs]2020-10-27T10:37:19.631+0800: 0.572: [scrub string table, 0.0000778 secs][1 CMS-remark: 329964K(349568K)] 366096K(506816K), 0.0008878 secs] [Times: user=0.00 sys=0.00, real=0.00 secs] 
2020-10-27T10:37:19.631+0800: 0.572: [CMS-concurrent-sweep-start]
2020-10-27T10:37:19.632+0800: 0.572: [CMS-concurrent-sweep: 0.001/0.001 secs] [Times: user=0.03 sys=0.00, real=0.00 secs] 
2020-10-27T10:37:19.632+0800: 0.572: [CMS-concurrent-reset-start]
2020-10-27T10:37:19.632+0800: 0.573: [CMS-concurrent-reset: 0.000/0.000 secs] [Times: user=0.00 sys=0.00, real=0.00 secs] 
2020-10-27T10:37:19.646+0800: 0.586: [GC (Allocation Failure) 2020-10-27T10:37:19.646+0800: 0.586: [ParNew: 157244K->17471K(157248K), 0.0110182 secs] 448318K->351734K(506816K), 0.0111053 secs] [Times: user=0.13 sys=0.00, real=0.01 secs] 
2020-10-27T10:37:19.657+0800: 0.597: [GC (CMS Initial Mark) [1 CMS-initial-mark: 334262K(349568K)] 354545K(506816K), 0.0004460 secs] [Times: user=0.00 sys=0.00, real=0.00 secs] 
2020-10-27T10:37:19.658+0800: 0.598: [CMS-concurrent-mark-start]
2020-10-27T10:37:19.659+0800: 0.599: [CMS-concurrent-mark: 0.001/0.001 secs] [Times: user=0.00 sys=0.00, real=0.00 secs] 
2020-10-27T10:37:19.659+0800: 0.599: [CMS-concurrent-preclean-start]
2020-10-27T10:37:19.659+0800: 0.599: [CMS-concurrent-preclean: 0.000/0.000 secs] [Times: user=0.00 sys=0.00, real=0.00 secs] 
2020-10-27T10:37:19.659+0800: 0.599: [CMS-concurrent-abortable-preclean-start]
2020-10-27T10:37:19.659+0800: 0.599: [CMS-concurrent-abortable-preclean: 0.000/0.000 secs] [Times: user=0.00 sys=0.00, real=0.00 secs] 
2020-10-27T10:37:19.659+0800: 0.600: [GC (CMS Final Remark) [YG occupancy: 30682 K (157248 K)]2020-10-27T10:37:19.659+0800: 0.600: [Rescan (parallel) , 0.0004586 secs]2020-10-27T10:37:19.660+0800: 0.600: [weak refs processing, 0.0000131 secs]2020-10-27T10:37:19.660+0800: 0.600: [class unloading, 0.0002053 secs]2020-10-27T10:37:19.660+0800: 0.601: [scrub symbol table, 0.0002759 secs]2020-10-27T10:37:19.660+0800: 0.601: [scrub string table, 0.0001154 secs][1 CMS-remark: 334262K(349568K)] 364945K(506816K), 0.0011535 secs] [Times: user=0.00 sys=0.00, real=0.00 secs] 
2020-10-27T10:37:19.661+0800: 0.601: [CMS-concurrent-sweep-start]
2020-10-27T10:37:19.661+0800: 0.602: [CMS-concurrent-sweep: 0.001/0.001 secs] [Times: user=0.00 sys=0.00, real=0.00 secs] 
2020-10-27T10:37:19.661+0800: 0.602: [CMS-concurrent-reset-start]
2020-10-27T10:37:19.662+0800: 0.602: [CMS-concurrent-reset: 0.000/0.000 secs] [Times: user=0.00 sys=0.00, real=0.00 secs] 
2020-10-27T10:37:19.675+0800: 0.616: [GC (Allocation Failure) 2020-10-27T10:37:19.675+0800: 0.616: [ParNew: 156700K->156700K(157248K), 0.0000172 secs]2020-10-27T10:37:19.675+0800: 0.616: [CMS: 298037K->324593K(349568K), 0.0434086 secs] 454737K->324593K(506816K), [Metaspace: 2682K->2682K(1056768K)], 0.0435459 secs] [Times: user=0.05 sys=0.00, real=0.04 secs] 
2020-10-27T10:37:19.719+0800: 0.659: [GC (CMS Initial Mark) [1 CMS-initial-mark: 324593K(349568K)] 328557K(506816K), 0.0001185 secs] [Times: user=0.00 sys=0.00, real=0.00 secs] 
2020-10-27T10:37:19.719+0800: 0.660: [CMS-concurrent-mark-start]
2020-10-27T10:37:19.722+0800: 0.662: [CMS-concurrent-mark: 0.003/0.003 secs] [Times: user=0.00 sys=0.00, real=0.00 secs] 
2020-10-27T10:37:19.722+0800: 0.662: [CMS-concurrent-preclean-start]
2020-10-27T10:37:19.722+0800: 0.663: [CMS-concurrent-preclean: 0.001/0.001 secs] [Times: user=0.00 sys=0.00, real=0.00 secs] 
2020-10-27T10:37:19.722+0800: 0.663: [CMS-concurrent-abortable-preclean-start]
2020-10-27T10:37:19.734+0800: 0.675: [GC (Allocation Failure) 2020-10-27T10:37:19.734+0800: 0.675: [ParNew: 139776K->139776K(157248K), 0.0000201 secs]2020-10-27T10:37:19.734+0800: 0.675: [CMS2020-10-27T10:37:19.734+0800: 0.675: [CMS-concurrent-abortable-preclean: 0.000/0.012 secs] [Times: user=0.02 sys=0.00, real=0.01 secs] 
 (concurrent mode failure): 324593K->335112K(349568K), 0.0456226 secs] 464369K->335112K(506816K), [Metaspace: 2682K->2682K(1056768K)], 0.0457463 secs] [Times: user=0.05 sys=0.00, real=0.05 secs] 
2020-10-27T10:37:19.795+0800: 0.736: [GC (Allocation Failure) 2020-10-27T10:37:19.795+0800: 0.736: [ParNew: 139776K->139776K(157248K), 0.0000201 secs]2020-10-27T10:37:19.795+0800: 0.736: [CMS: 335112K->341304K(349568K), 0.0492655 secs] 474888K->341304K(506816K), [Metaspace: 2682K->2682K(1056768K)], 0.0493907 secs] [Times: user=0.05 sys=0.00, real=0.05 secs] 
2020-10-27T10:37:19.845+0800: 0.786: [GC (CMS Initial Mark) [1 CMS-initial-mark: 341304K(349568K)] 344882K(506816K), 0.0006826 secs] [Times: user=0.00 sys=0.00, real=0.00 secs] 
2020-10-27T10:37:19.846+0800: 0.786: [CMS-concurrent-mark-start]
2020-10-27T10:37:19.847+0800: 0.788: [CMS-concurrent-mark: 0.001/0.001 secs] [Times: user=0.00 sys=0.00, real=0.00 secs] 
2020-10-27T10:37:19.847+0800: 0.788: [CMS-concurrent-preclean-start]
2020-10-27T10:37:19.848+0800: 0.788: [CMS-concurrent-preclean: 0.000/0.000 secs] [Times: user=0.00 sys=0.00, real=0.00 secs] 
2020-10-27T10:37:19.848+0800: 0.788: [CMS-concurrent-abortable-preclean-start]
2020-10-27T10:37:19.848+0800: 0.788: [CMS-concurrent-abortable-preclean: 0.000/0.000 secs] [Times: user=0.00 sys=0.00, real=0.00 secs] 
2020-10-27T10:37:19.848+0800: 0.788: [GC (CMS Final Remark) [YG occupancy: 19260 K (157248 K)]2020-10-27T10:37:19.848+0800: 0.788: [Rescan (parallel) , 0.0005902 secs]2020-10-27T10:37:19.849+0800: 0.789: [weak refs processing, 0.0000132 secs]2020-10-27T10:37:19.849+0800: 0.789: [class unloading, 0.0001781 secs]2020-10-27T10:37:19.849+0800: 0.789: [scrub symbol table, 0.0002862 secs]2020-10-27T10:37:19.849+0800: 0.789: [scrub string table, 0.0000889 secs][1 CMS-remark: 341304K(349568K)] 360564K(506816K), 0.0012393 secs] [Times: user=0.00 sys=0.00, real=0.00 secs] 
2020-10-27T10:37:19.849+0800: 0.790: [CMS-concurrent-sweep-start]
2020-10-27T10:37:19.850+0800: 0.790: [CMS-concurrent-sweep: 0.000/0.000 secs] [Times: user=0.00 sys=0.00, real=0.00 secs] 
2020-10-27T10:37:19.850+0800: 0.790: [CMS-concurrent-reset-start]
2020-10-27T10:37:19.850+0800: 0.790: [CMS-concurrent-reset: 0.000/0.000 secs] [Times: user=0.00 sys=0.00, real=0.00 secs] 
2020-10-27T10:37:19.864+0800: 0.805: [GC (Allocation Failure) 2020-10-27T10:37:19.864+0800: 0.805: [ParNew: 139776K->139776K(157248K), 0.0000179 secs]2020-10-27T10:37:19.864+0800: 0.805: [CMS: 340820K->349509K(349568K), 0.0493950 secs] 480596K->349905K(506816K), [Metaspace: 2682K->2682K(1056768K)], 0.0495089 secs] [Times: user=0.06 sys=0.00, real=0.05 secs] 
2020-10-27T10:37:19.914+0800: 0.854: [GC (CMS Initial Mark) [1 CMS-initial-mark: 349509K(349568K)] 353267K(506816K), 0.0007087 secs] [Times: user=0.00 sys=0.00, real=0.00 secs] 
2020-10-27T10:37:19.915+0800: 0.855: [CMS-concurrent-mark-start]
2020-10-27T10:37:19.916+0800: 0.856: [CMS-concurrent-mark: 0.001/0.001 secs] [Times: user=0.00 sys=0.00, real=0.00 secs] 
2020-10-27T10:37:19.916+0800: 0.857: [CMS-concurrent-preclean-start]
2020-10-27T10:37:19.917+0800: 0.858: [CMS-concurrent-preclean: 0.001/0.001 secs] [Times: user=0.00 sys=0.00, real=0.00 secs] 
2020-10-27T10:37:19.917+0800: 0.858: [CMS-concurrent-abortable-preclean-start]
2020-10-27T10:37:19.917+0800: 0.858: [CMS-concurrent-abortable-preclean: 0.000/0.000 secs] [Times: user=0.00 sys=0.00, real=0.00 secs] 
2020-10-27T10:37:19.918+0800: 0.858: [GC (CMS Final Remark) [YG occupancy: 28081 K (157248 K)]2020-10-27T10:37:19.918+0800: 0.858: [Rescan (parallel) , 0.0004353 secs]2020-10-27T10:37:19.918+0800: 0.858: [weak refs processing, 0.0000142 secs]2020-10-27T10:37:19.918+0800: 0.858: [class unloading, 0.0002140 secs]2020-10-27T10:37:19.918+0800: 0.859: [scrub symbol table, 0.0003930 secs]2020-10-27T10:37:19.919+0800: 0.859: [scrub string table, 0.0001351 secs][1 CMS-remark: 349509K(349568K)] 377590K(506816K), 0.0013049 secs] [Times: user=0.00 sys=0.00, real=0.00 secs] 
2020-10-27T10:37:19.919+0800: 0.859: [CMS-concurrent-sweep-start]
2020-10-27T10:37:19.920+0800: 0.860: [CMS-concurrent-sweep: 0.001/0.001 secs] [Times: user=0.00 sys=0.00, real=0.00 secs] 
2020-10-27T10:37:19.920+0800: 0.860: [CMS-concurrent-reset-start]
2020-10-27T10:37:19.921+0800: 0.861: [CMS-concurrent-reset: 0.001/0.001 secs] [Times: user=0.00 sys=0.00, real=0.00 secs] 
2020-10-27T10:37:19.934+0800: 0.874: [GC (Allocation Failure) 2020-10-27T10:37:19.934+0800: 0.874: [ParNew: 157207K->157207K(157248K), 0.0000239 secs]2020-10-27T10:37:19.934+0800: 0.874: [CMS: 349077K->349066K(349568K), 0.0492397 secs] 506285K->354673K(506816K), [Metaspace: 2682K->2682K(1056768K)], 0.0493633 secs] [Times: user=0.05 sys=0.00, real=0.05 secs] 
2020-10-27T10:37:19.982+0800: 0.923: [GC (CMS Initial Mark) [1 CMS-initial-mark: 349066K(349568K)] 357978K(506816K), 0.0005623 secs] [Times: user=0.00 sys=0.00, real=0.00 secs] 
2020-10-27T10:37:19.983+0800: 0.924: [CMS-concurrent-mark-start]
2020-10-27T10:37:19.984+0800: 0.926: [CMS-concurrent-mark: 0.002/0.002 secs] [Times: user=0.00 sys=0.00, real=0.00 secs] 
2020-10-27T10:37:19.985+0800: 0.926: [CMS-concurrent-preclean-start]
2020-10-27T10:37:19.987+0800: 0.928: [CMS-concurrent-preclean: 0.002/0.002 secs] [Times: user=0.00 sys=0.00, real=0.00 secs] 
2020-10-27T10:37:19.987+0800: 0.928: [CMS-concurrent-abortable-preclean-start]
2020-10-27T10:37:19.987+0800: 0.928: [CMS-concurrent-abortable-preclean: 0.000/0.000 secs] [Times: user=0.00 sys=0.00, real=0.00 secs] 
2020-10-27T10:37:19.987+0800: 0.928: [GC (CMS Final Remark) [YG occupancy: 35917 K (157248 K)]2020-10-27T10:37:19.987+0800: 0.928: [Rescan (parallel) , 0.0007165 secs]2020-10-27T10:37:19.988+0800: 0.929: [weak refs processing, 0.0000129 secs]2020-10-27T10:37:19.988+0800: 0.929: [class unloading, 0.0001820 secs]2020-10-27T10:37:19.988+0800: 0.929: [scrub symbol table, 0.0002858 secs]2020-10-27T10:37:19.989+0800: 0.930: [scrub string table, 0.0000814 secs][1 CMS-remark: 349066K(349568K)] 384984K(506816K), 0.0013707 secs] [Times: user=0.00 sys=0.00, real=0.00 secs] 
2020-10-27T10:37:19.989+0800: 0.930: [CMS-concurrent-sweep-start]
2020-10-27T10:37:19.989+0800: 0.930: [CMS-concurrent-sweep: 0.000/0.000 secs] [Times: user=0.00 sys=0.00, real=0.00 secs] 
2020-10-27T10:37:19.989+0800: 0.930: [CMS-concurrent-reset-start]
2020-10-27T10:37:19.990+0800: 0.931: [CMS-concurrent-reset: 0.000/0.000 secs] [Times: user=0.00 sys=0.00, real=0.00 secs] 
2020-10-27T10:37:20.002+0800: 0.943: [GC (Allocation Failure) 2020-10-27T10:37:20.002+0800: 0.943: [ParNew: 156912K->156912K(157248K), 0.0000315 secs]2020-10-27T10:37:20.002+0800: 0.943: [CMS: 347781K->349549K(349568K), 0.0493862 secs] 504694K->355049K(506816K), [Metaspace: 2682K->2682K(1056768K)], 0.0495824 secs] [Times: user=0.05 sys=0.00, real=0.05 secs] 
2020-10-27T10:37:20.052+0800: 0.993: [GC (CMS Initial Mark) [1 CMS-initial-mark: 349549K(349568K)] 358479K(506816K), 0.0005680 secs] [Times: user=0.00 sys=0.00, real=0.00 secs] 
2020-10-27T10:37:20.053+0800: 0.994: [CMS-concurrent-mark-start]
2020-10-27T10:37:20.055+0800: 0.996: [CMS-concurrent-mark: 0.002/0.002 secs] [Times: user=0.05 sys=0.00, real=0.00 secs] 
2020-10-27T10:37:20.055+0800: 0.996: [CMS-concurrent-preclean-start]
2020-10-27T10:37:20.056+0800: 0.997: [CMS-concurrent-preclean: 0.001/0.001 secs] [Times: user=0.00 sys=0.00, real=0.00 secs] 
2020-10-27T10:37:20.056+0800: 0.997: [CMS-concurrent-abortable-preclean-start]
2020-10-27T10:37:20.056+0800: 0.997: [CMS-concurrent-abortable-preclean: 0.000/0.000 secs] [Times: user=0.00 sys=0.00, real=0.00 secs] 
2020-10-27T10:37:20.056+0800: 0.997: [GC (CMS Final Remark) [YG occupancy: 33807 K (157248 K)]2020-10-27T10:37:20.056+0800: 0.997: [Rescan (parallel) , 0.0004952 secs]2020-10-27T10:37:20.057+0800: 0.998: [weak refs processing, 0.0000131 secs]2020-10-27T10:37:20.057+0800: 0.998: [class unloading, 0.0001755 secs]2020-10-27T10:37:20.057+0800: 0.998: [scrub symbol table, 0.0002750 secs]2020-10-27T10:37:20.057+0800: 0.998: [scrub string table, 0.0000968 secs][1 CMS-remark: 349549K(349568K)] 383357K(506816K), 0.0011374 secs] [Times: user=0.00 sys=0.00, real=0.00 secs] 
2020-10-27T10:37:20.058+0800: 0.999: [CMS-concurrent-sweep-start]
2020-10-27T10:37:20.058+0800: 0.999: [CMS-concurrent-sweep: 0.000/0.000 secs] [Times: user=0.00 sys=0.00, real=0.00 secs] 
2020-10-27T10:37:20.058+0800: 0.999: [CMS-concurrent-reset-start]
2020-10-27T10:37:20.058+0800: 0.999: [CMS-concurrent-reset: 0.000/0.000 secs] [Times: user=0.00 sys=0.00, real=0.00 secs] 
2020-10-27T10:37:20.074+0800: 1.015: [GC (Allocation Failure) 2020-10-27T10:37:20.074+0800: 1.015: [ParNew: 157085K->157085K(157248K), 0.0000277 secs]2020-10-27T10:37:20.074+0800: 1.015: [CMS: 347803K->349320K(349568K), 0.0527748 secs] 504889K->351236K(506816K), [Metaspace: 2682K->2682K(1056768K)], 0.0529174 secs] [Times: user=0.05 sys=0.00, real=0.05 secs] 
2020-10-27T10:37:20.128+0800: 1.068: [GC (CMS Initial Mark) [1 CMS-initial-mark: 349320K(349568K)] 355027K(506816K), 0.0004314 secs] [Times: user=0.00 sys=0.00, real=0.00 secs] 
2020-10-27T10:37:20.128+0800: 1.069: [CMS-concurrent-mark-start]
2020-10-27T10:37:20.129+0800: 1.070: [CMS-concurrent-mark: 0.001/0.001 secs] [Times: user=0.00 sys=0.00, real=0.00 secs] 
2020-10-27T10:37:20.129+0800: 1.070: [CMS-concurrent-preclean-start]
2020-10-27T10:37:20.130+0800: 1.071: [CMS-concurrent-preclean: 0.001/0.001 secs] [Times: user=0.00 sys=0.00, real=0.00 secs] 
2020-10-27T10:37:20.130+0800: 1.071: [CMS-concurrent-abortable-preclean-start]
2020-10-27T10:37:20.130+0800: 1.071: [CMS-concurrent-abortable-preclean: 0.000/0.000 secs] [Times: user=0.00 sys=0.00, real=0.00 secs] 
2020-10-27T10:37:20.131+0800: 1.071: [GC (CMS Final Remark) [YG occupancy: 30878 K (157248 K)]2020-10-27T10:37:20.131+0800: 1.071: [Rescan (parallel) , 0.0003648 secs]2020-10-27T10:37:20.131+0800: 1.072: [weak refs processing, 0.0000129 secs]2020-10-27T10:37:20.131+0800: 1.072: [class unloading, 0.0001769 secs]2020-10-27T10:37:20.131+0800: 1.072: [scrub symbol table, 0.0002805 secs]2020-10-27T10:37:20.131+0800: 1.072: [scrub string table, 0.0001216 secs][1 CMS-remark: 349320K(349568K)] 380198K(506816K), 0.0010846 secs] [Times: user=0.02 sys=0.00, real=0.00 secs] 
2020-10-27T10:37:20.132+0800: 1.072: [CMS-concurrent-sweep-start]
2020-10-27T10:37:20.132+0800: 1.073: [CMS-concurrent-sweep: 0.000/0.000 secs] [Times: user=0.00 sys=0.00, real=0.00 secs] 
2020-10-27T10:37:20.132+0800: 1.073: [CMS-concurrent-reset-start]
2020-10-27T10:37:20.133+0800: 1.073: [CMS-concurrent-reset: 0.000/0.000 secs] [Times: user=0.00 sys=0.00, real=0.00 secs] 
2020-10-27T10:37:20.150+0800: 1.090: [GC (Allocation Failure) 2020-10-27T10:37:20.150+0800: 1.091: [ParNew: 157237K->157237K(157248K), 0.0000186 secs]2020-10-27T10:37:20.150+0800: 1.091: [CMS: 349106K->349547K(349568K), 0.0495876 secs] 506343K->360670K(506816K), [Metaspace: 2682K->2682K(1056768K)], 0.0497164 secs] [Times: user=0.05 sys=0.00, real=0.05 secs] 
2020-10-27T10:37:20.199+0800: 1.140: [GC (CMS Initial Mark) [1 CMS-initial-mark: 349547K(349568K)] 363715K(506816K), 0.0001826 secs] [Times: user=0.00 sys=0.00, real=0.00 secs] 
2020-10-27T10:37:20.199+0800: 1.141: [CMS-concurrent-mark-start]
Heap
 par new generation   total 157248K, used 16963K [0x00000000e0000000, 0x00000000eaaa0000, 0x00000000eaaa0000)
  eden space 139776K,  12% used [0x00000000e0000000, 0x00000000e1090f68, 0x00000000e8880000)
  from space 17472K,   0% used [0x00000000e9990000, 0x00000000e9990000, 0x00000000eaaa0000)
  to   space 17472K,   0% used [0x00000000e8880000, 0x00000000e8880000, 0x00000000e9990000)
 concurrent mark-sweep generation total 349568K, used 349547K [0x00000000eaaa0000, 0x0000000100000000, 0x0000000100000000)
 Metaspace       used 2688K, capacity 4486K, committed 4864K, reserved 1056768K
  class space    used 288K, capacity 386K, committed 512K, reserved 1048576K
